
> uat-tracker@0.1.0 test
> vitest run --reporter=verbose

node.exe : [33mThe CJS build of Vite's Node API is deprecated. See 
https://vite.dev/guide/troubleshooting.html#vite-cjs-node-api-deprecated for more details.[39m
At line:1 char:1
+ & "C:\Program Files\nodejs/node.exe" "C:\Program Files\nodejs/node_mo ...
+ ~~~~~~~~~~~~~~~~~~~~~~~~~~~~~~~~~~~~~~~~~~~~~~~~~~~~~~~~~~~~~~~~~~~~~
    + CategoryInfo          : NotSpecified: ([33mThe CJS bu...e details.[39m:String) [], RemoteException
    + FullyQualifiedErrorId : NativeCommandError
 

 RUN  v2.1.9 C:/dev/uat-tracker

 ✓ lib/auth/session.test.ts > SessionUser shape > accepts a fully-populated Prometeia profile
 ✓ lib/auth/session.test.ts > SessionUser shape > accepts a bank profile with a null full_name
 ✓ lib/kpi.test.ts > statusDistribution > counts every status, including zero for statuses absent from the input
 ✓ lib/kpi.test.ts > priorityDistribution > counts every priority
 ✓ lib/kpi.test.ts > moduleVolume > groups by module, sorted descending, with a null module folded to Unassigned
 ✓ lib/kpi.test.ts > orgVolume > counts issues raised by each org
 ✓ lib/kpi.test.ts > timeToCloseByPriority > computes average and median days-to-close and flags SLA breaches
 ✓ lib/kpi.test.ts > agingReport > reports days-open for currently-open issues only, sorted oldest first, with SLA breach flagged
 ✓ lib/kpi.test.ts > throughputByWeek > buckets opened and closed counts into week-start buckets
 ✓ lib/kpi.test.ts > reopenRate > divides reopened issues by every issue that was ever closed
 ✓ lib/kpi.test.ts > reopenRate > returns a zero rate with no division-by-zero when nothing was ever closed

 Test Files  2 passed (2)
      Tests  11 passed (11)
   Start at  20:06:28
   Duration  2.97s (transform 866ms, setup 0ms, collect 1.12s, tests 76ms, environment 5ms, prepare 2.40s)

